// Jest Snapshot v1, https://goo.gl/fbAQLP

exports[`ModalRestore tests basic tests matches the snapshot 1`] = `
.c5 {
  font-family: Poppins,sans-serif;
}

.c6 {
  font-size: 16px;
  font-weight: 600;
  line-height: 2;
  color: #4b4c5c;
  margin-bottom: 30px;
}

.c10 {
  display: -webkit-box;
  display: -webkit-flex;
  display: -ms-flexbox;
  display: flex;
  -webkit-box-pack: center;
  -webkit-justify-content: center;
  -ms-flex-pack: center;
  justify-content: center;
  margin-top: 30px;
}

.c11 {
  --button-main-color: #FB542B;
  --button-main-color-hover: #F43405;
  --button-main-color-active: #FDBBAA;
  --button-state-color: var(--button-main-color);
  --icon-size: 16px;
  --icon-spacing: 6px;
  --webkit-appearance: none;
  box-sizing: border-box;
  background: none;
  border: none;
  outline: none;
  display: -webkit-box;
  display: -webkit-flex;
  display: -ms-flexbox;
  display: flex;
  -webkit-flex-direction: row-reverse;
  -ms-flex-direction: row-reverse;
  flex-direction: row-reverse;
  -webkit-box-pack: center;
  -webkit-justify-content: center;
  -ms-flex-pack: center;
  justify-content: center;
  -webkit-align-items: center;
  -webkit-box-align: center;
  -ms-flex-align: center;
  align-items: center;
  font-family: Poppins,sans-serif;
  cursor: pointer;
  -webkit-user-select: none;
  -moz-user-select: none;
  -ms-user-select: none;
  user-select: none;
  font-size: 13px;
  border-radius: 20px;
  width: auto;
  min-width: 104px;
  padding: 11px 10px;
  color: #fff;
  background: var(--button-state-color);
}

.c11:hover:enabled {
  --button-state-color: var(--button-main-color-hover);
}

.c11:active:enabled {
  --button-state-color: var(--button-main-color-active);
}

.c12 {
  min-height: var(--icon-size);
  display: -webkit-box;
  display: -webkit-flex;
  display: -ms-flexbox;
  display: flex;
  -webkit-align-items: center;
  -webkit-box-align: center;
  -ms-flex-align: center;
  align-items: center;
  text-align: center;
  -webkit-letter-spacing: 0;
  -moz-letter-spacing: 0;
  -ms-letter-spacing: 0;
  letter-spacing: 0;
  font-weight: 600;
  text-transform: none;
  line-height: 1;
}

.c3 {
  width: 100%;
  height: 100%;
  fill: currentColor;
}

.c0 {
  position: fixed;
  top: 0;
  left: 0;
  width: 100%;
  height: 100vh;
  background: rgba(12,13,33,0.85);
  z-index: 99;
  padding: 0 20px;
  overflow: hidden;
}

.c1 {
  max-width: 920px;
  margin: 52px auto;
  background: #fff;
  border-radius: 6px;
  overflow: hidden;
  position: relative;
}

.c2 {
  position: absolute;
  top: 19px;
  right: 19px;
  cursor: pointer;
  width: 27px;
  height: 27px;
  color: #B8B9C4;
}

.c4 {
  padding: 61px 50px;
  overflow-y: auto;
  max-height: calc(100vh - 100px);
}

.c9 {
  text-align: center;
  padding: 30px 0;
  color: #999ea2;
  font-size: 14px;
}

.c7 {
  width: 100%;
  margin-bottom: 11px;
}

.c8 {
  text-transform: uppercase;
  text-align: left;
  font-family: Poppins,sans-serif;
  font-size: 12px;
  font-weight: 500;
  line-height: 2.33;
  border-bottom: 2px solid #dedfe4;
  border-top: 2px solid #dedfe4;
  color: #4B4C5C;
  padding: 9px 0;
}

<div
  className="c0"
  id="modal"
  onClick={[Function]}
>
  <div
    className="c1"
    size="normal"
  >
    <div
      className="c2"
    >
      <svg
        aria-hidden="true"
        className="c3"
        focusable="false"
        viewBox="0 0 32 32"
      >
        <path
          d="M15.77817 14.36396l7.07107-7.07107c.39053-.39052 1.0237-.39052 1.41422 0 .39052.39053.39052 1.0237 0 1.41422l-7.07107 7.07106 7.07107 7.07107c.39052.39053.39052 1.0237 0 1.41422-.39053.39052-1.0237.39052-1.41422 0l-7.07107-7.07107-7.07106 7.07107c-.39053.39052-1.0237.39052-1.41422 0-.39052-.39053-.39052-1.0237 0-1.41422l7.07107-7.07107L7.2929 8.70711c-.39052-.39053-.39052-1.0237 0-1.41422.39053-.39052 1.0237-.39052 1.41422 0l7.07106 7.07107z"
        />
      </svg>
    </div>
    <div
      className="c4"
    >
      <div
        className="c5"
      >
        <div
          className="c6"
        >
          MISSING: restorePublishers
        </div>
        <div>
          <table
            className="c7"
          >
            <thead>
              <tr>
                <th
                  className="c8"
                >
                  <div>
                    MISSING: site
                  </div>
                </th>
                <th
                  className="c8"
                >
                  
                </th>
              </tr>
            </thead>
          </table>
          <div
            className="c9"
          />
        </div>
        <div
          className="c10"
        >
          <button
            className="c11"
            size="medium"
            type="accent"
          >
            <div
              className="c12"
              size="medium"
              type="accent"
            >
              MISSING: restoreAll
            </div>
          </button>
        </div>
      </div>
    </div>
  </div>
</div>
`;
