// Jest Snapshot v1, https://goo.gl/fbAQLP

exports[`TableContribute tests basic tests matches the snapshot 1`] = `
.c1 {
  display: -webkit-box;
  display: -webkit-flex;
  display: -ms-flexbox;
  display: flex;
  -webkit-box-pack: justify;
  -webkit-justify-content: space-between;
  -ms-flex-pack: justify;
  justify-content: space-between;
}

.c3 {
  font-family: Poppins,sans-serif;
  font-size: 13px;
  color: #4c54d2;
  text-transform: capitalize;
  background: none;
  border: none;
  padding: 0;
  cursor: pointer;
}

.c2 {
  font-family: Poppins,sans-serif;
  font-size: 13px;
  color: #4c54d2;
  text-transform: capitalize;
  background: none;
  border: none;
  padding: 0;
  cursor: pointer;
}

.c0 {
  text-align: center;
  padding: 30px 0;
  color: #999ea2;
  font-size: 14px;
}

<div
  id="table"
>
  <div>
    <div
      className="c0"
    />
  </div>
  <div
    className="c1"
  >
    <button
      className="c2"
    />
    <button
      className="c3"
    />
  </div>
</div>
`;
