// Jest Snapshot v1, https://goo.gl/fbAQLP

exports[`ModalActivity tests basic tests matches the snapshot 1`] = `
.c5 {
  font-family: Poppins,sans-serif;
}

.c6 {
  display: -webkit-box;
  display: -webkit-flex;
  display: -ms-flexbox;
  display: flex;
  width: 100%;
  -webkit-box-pack: justify;
  -webkit-justify-content: space-between;
  -ms-flex-pack: justify;
  justify-content: space-between;
}

.c7 {
  -webkit-flex-basis: 40%;
  -ms-flex-preferred-size: 40%;
  flex-basis: 40%;
}

.c8 {
  -webkit-flex-basis: 378px;
  -ms-flex-preferred-size: 378px;
  flex-basis: 378px;
  -webkit-box-flex: 0;
  -webkit-flex-grow: 0;
  -ms-flex-positive: 0;
  flex-grow: 0;
  -webkit-flex-shrink: 1;
  -ms-flex-negative: 1;
  flex-shrink: 1;
  margin-bottom: 45px;
}

.c9 {
  margin-bottom: 103px;
  display: -webkit-box;
  display: -webkit-flex;
  display: -ms-flexbox;
  display: flex;
}

.c10 {
  display: -webkit-box;
  display: -webkit-flex;
  display: -ms-flexbox;
  display: flex;
  margin-right: 35px;
  background: none;
  border: none;
  cursor: pointer;
  -webkit-align-items: center;
  -webkit-box-align: center;
  -ms-flex-align: center;
  align-items: center;
}

.c13 {
  font-size: 14px;
  line-height: 1.43;
  color: #838391;
  margin-left: 13px;
}

.c15 {
  background-color: #f9f9fd;
  margin: 0 -50px;
  padding: 0 50px;
}

.c32 {
  max-width: 508px;
  margin-top: 46px;
  font-family: Muli,sans-serif;
  font-size: 12px;
  font-weight: 300;
  line-height: 1.5;
  color: #686978;
}

.c16 {
  display: -webkit-box;
  display: -webkit-flex;
  display: -ms-flexbox;
  display: flex;
  -webkit-box-pack: justify;
  -webkit-justify-content: space-between;
  -ms-flex-pack: justify;
  justify-content: space-between;
  font-size: 14px;
  font-weight: 600;
  line-height: 2.79;
  -webkit-letter-spacing: 0.2px;
  -moz-letter-spacing: 0.2px;
  -ms-letter-spacing: 0.2px;
  letter-spacing: 0.2px;
  color: #4b4c5c;
  text-transform: uppercase;
  padding-top: 14px;
  margin-top: 28px;
}

.c21 {
  font-size: 14px;
  font-weight: 300;
  line-height: 2.79;
  -webkit-letter-spacing: 0.2px;
  -moz-letter-spacing: 0.2px;
  -ms-letter-spacing: 0.2px;
  letter-spacing: 0.2px;
  color: #4b4c5c;
  text-transform: none;
}

.c28 {
  display: -webkit-box;
  display: -webkit-flex;
  display: -ms-flexbox;
  display: flex;
  font-size: 12px;
  -webkit-align-items: center;
  -webkit-box-align: center;
  -ms-flex-align: center;
  align-items: center;
  line-height: 2;
  color: #9e9fab;
  padding: 11px 0 32px;
}

.c31 {
  margin-left: 5px;
}

.c11 {
  color: #A1A8F2;
  width: 27px;
}

.c29 {
  display: -webkit-box;
  display: -webkit-flex;
  display: -ms-flexbox;
  display: flex;
  color: #392DD1;
  width: 19px;
}

.c23 {
  text-align: right;
}

.c24 {
  padding-right: 10px;
}

.c25 {
  display: -webkit-box;
  display: -webkit-flex;
  display: -ms-flexbox;
  display: flex;
  -webkit-box-pack: justify;
  -webkit-justify-content: space-between;
  -ms-flex-pack: justify;
  justify-content: space-between;
}

.c27 {
  font-family: Poppins,sans-serif;
  font-size: 13px;
  color: #4c54d2;
  text-transform: capitalize;
  background: none;
  border: none;
  padding: 0;
  cursor: pointer;
}

.c26 {
  font-family: Poppins,sans-serif;
  font-size: 13px;
  color: #4c54d2;
  text-transform: capitalize;
  background: none;
  border: none;
  padding: 0;
  cursor: pointer;
}

.c20 {
  text-align: center;
  padding: 30px 0;
  color: #999ea2;
  font-size: 14px;
}

.c17 {
  width: 100%;
  margin-bottom: 11px;
}

.c18 {
  text-transform: uppercase;
  text-align: left;
  font-family: Poppins,sans-serif;
  font-size: 12px;
  font-weight: 500;
  line-height: 2.33;
  border-bottom: 2px solid #dedfe4;
  border-top: 2px solid #dedfe4;
  color: #4B4C5C;
  padding: 9px 0;
}

.c22 {
  text-transform: uppercase;
  text-align: left;
  font-family: Poppins,sans-serif;
  font-size: 12px;
  font-weight: 500;
  line-height: 2.33;
  border-bottom: 2px solid #dedfe4;
  border-top: 2px solid #dedfe4;
  color: #4B4C5C;
  padding: 9px 0;
}

.c3 {
  width: 100%;
  height: 100%;
  fill: currentColor;
}

.c14 {
  width: 100%;
  height: 100%;
  fill: currentColor;
}

.c12 {
  width: 100%;
  height: 100%;
  fill: currentColor;
}

.c30 {
  width: 100%;
  height: 100%;
  fill: currentColor;
}

.c19 {
  text-align: right;
  padding-right: 14px;
}

.c0 {
  position: fixed;
  top: 0;
  left: 0;
  width: 100%;
  height: 100vh;
  background: rgba(12,13,33,0.85);
  z-index: 99;
  padding: 0 20px;
  overflow: hidden;
}

.c1 {
  max-width: 920px;
  margin: 52px auto;
  background: #fff;
  border-radius: 6px;
  overflow: hidden;
  position: relative;
}

.c2 {
  position: absolute;
  top: 19px;
  right: 19px;
  cursor: pointer;
  width: 27px;
  height: 27px;
  color: #B8B9C4;
}

.c4 {
  padding: 61px 50px;
  overflow-y: auto;
  max-height: calc(100vh - 100px);
}

<div
  className="c0"
  id="activity"
  onClick={[Function]}
>
  <div
    className="c1"
    size="normal"
  >
    <div
      className="c2"
    >
      <svg
        aria-hidden="true"
        className="c3"
        focusable="false"
        viewBox="0 0 32 32"
      >
        <path
          d="M15.77817 14.36396l7.07107-7.07107c.39053-.39052 1.0237-.39052 1.41422 0 .39052.39053.39052 1.0237 0 1.41422l-7.07107 7.07106 7.07107 7.07107c.39052.39053.39052 1.0237 0 1.41422-.39053.39052-1.0237.39052-1.41422 0l-7.07107-7.07107-7.07106 7.07107c-.39053.39052-1.0237.39052-1.41422 0-.39052-.39053-.39052-1.0237 0-1.41422l7.07107-7.07107L7.2929 8.70711c-.39052-.39053-.39052-1.0237 0-1.41422.39053-.39052 1.0237-.39052 1.41422 0l7.07106 7.07107z"
        />
      </svg>
    </div>
    <div
      className="c4"
    >
      <div
        className="c5"
      >
        <div
          className="c6"
        >
          <div
            className="c7"
          />
          <div
            className="c8"
          >
            <div
              className="c9"
            >
              <button
                className="c10"
              >
                <span
                  className="c11"
                >
                  <svg
                    aria-hidden="true"
                    className="c12"
                    focusable="false"
                    viewBox="0 0 32 32"
                  >
                    <path
                      d="M23 13h1c.552 0 1 .447 1 1 0 .553-.448 1-1 1h-1c-.552 0-1-.447-1-1 0-.553.448-1 1-1zm3 9h-2v-4c0-.553-.448-1-1-1H9c-.552 0-1 .447-1 1v4H6V12h20v10zm-16 4h12v-7H10v7zm0-16h12V6H10v4zm16 0h-2V5c0-.553-.448-1-1-1H9c-.552 0-1 .447-1 1v5H6c-1.103 0-2 .897-2 2v10c0 1.103.897 2 2 2h2v3c0 .553.448 1 1 1h14c.552 0 1-.447 1-1v-3h2c1.103 0 2-.897 2-2V12c0-1.103-.897-2-2-2z"
                      fillRule="evenodd"
                    />
                  </svg>
                </span>
                <div
                  className="c13"
                >
                  MISSING: print
                </div>
              </button>
              <button
                className="c10"
              >
                <span
                  className="c11"
                >
                  <svg
                    aria-hidden="true"
                    className="c14"
                    focusable="false"
                    viewBox="0 0 32 32"
                  >
                    <path
                      d="M15.292 21.7061c.092.093.203.166.326.217.122.051.252.077.382.077s.26-.027.382-.077c.123-.051.234-.125.326-.217l4.998-4.988c.392-.391.392-1.024.002-1.414-.391-.393-1.023-.391-1.414-.002L17 18.5891V5.0001c0-.553-.447-1-1-1-.553 0-1 .447-1 1v13.589l-3.294-3.287c-.391-.389-1.023-.391-1.414.002-.39.39-.39 1.023.002 1.414l4.998 4.988zM28 20.0101v6c0 1.102-.897 2-2 2H6c-1.103 0-2-.898-2-2v-6c0-.553.447-1 1-1 .553 0 1 .447 1 1v6h20v-6c0-.553.447-1 1-1 .553 0 1 .447 1 1z"
                      fillRule="evenodd"
                    />
                  </svg>
                </span>
                <div
                  className="c13"
                >
                  MISSING: downloadPDF
                </div>
              </button>
            </div>
          </div>
        </div>
        <div
          className="c15"
        >
          <div
            className="c16"
          >
            MISSING: transactions
          </div>
          <div>
            <div>
              <table
                className="c17"
              >
                <thead>
                  <tr>
                    <th
                      className="c18"
                    >
                      MISSING: date
                    </th>
                    <th
                      className="c18"
                    >
                      MISSING: type
                    </th>
                    <th
                      className="c18"
                    >
                      MISSING: description
                    </th>
                    <th
                      className="c18"
                    >
                      <div
                        className="c19"
                      >
                        MISSING: amount
                      </div>
                    </th>
                  </tr>
                </thead>
              </table>
              <div
                className="c20"
              />
            </div>
          </div>
          <div
            className="c16"
          >
            <span>
              MISSING: contributeAllocation
            </span>
            <div
              className="c21"
            >
              MISSING: paymentMonthly
            </div>
          </div>
          <div>
            <div>
              <table
                className="c17"
              >
                <thead>
                  <tr>
                    <th
                      className="c22"
                    >
                      <div>
                        MISSING: rewardsContributeVisited
                      </div>
                    </th>
                    <th
                      className="c22"
                    >
                      <div
                        className="c23"
                      >
                        MISSING: rewardsContributeAttention
                      </div>
                    </th>
                    <th
                      className="c22"
                    >
                      <div
                        className="c24 c23"
                      >
                        MISSING: payment
                      </div>
                    </th>
                  </tr>
                </thead>
              </table>
              <div
                className="c20"
              />
            </div>
            <div
              className="c25"
            >
              <button
                className="c26"
              />
              <button
                className="c27"
              />
            </div>
          </div>
          <div
            className="c28"
          >
            <div
              className="c29"
            >
              <svg
                aria-hidden="true"
                className="c30"
                focusable="false"
                viewBox="0 0 32 32"
              >
                <path
                  d="M16.48192 4.12378l10 5.5c.31955.17576.51808.51153.51808.87622v11c0 .3647-.19853.70046-.51808.87622l-10 5.5a1 1 0 0 1-.96384 0l-10-5.5C5.19853 22.20046 5 21.86469 5 21.5v-11c0-.3647.19853-.70046.51808-.87622l10-5.5a1 1 0 0 1 .96384 0zm2.75016 8.23614l-4.29898 5.15877-2.2257-2.2257c-.39052-.39052-1.02368-.39052-1.4142 0-.39053.39053-.39053 1.0237 0 1.41422l3 3c.4158.4158 1.09887.38481 1.47532-.06693l5-6c.35357-.42427.29624-1.05484-.12804-1.4084-.42427-.35357-1.05484-.29624-1.4084.12804z"
                />
              </svg>
            </div>
            <div
              className="c31"
            >
              MISSING: braveVerified
            </div>
          </div>
        </div>
        <div
          className="c32"
        >
          <b>
            MISSING: pleaseNote
          </b>
           
          MISSING: activityNote
          <br />
          <br />
          MISSING: activityCopy
        </div>
      </div>
    </div>
  </div>
</div>
`;
