// Jest Snapshot v1, https://goo.gl/fbAQLP

exports[`ModalContribute tests basic tests matches the snapshot 1`] = `
.c5 {
  font-family: Poppins,sans-serif;
}

.c6 {
  font-size: 16px;
  font-weight: 600;
  line-height: 2;
  color: #4b4c5c;
}

.c7 {
  font-size: 28px;
  color: #696fdc;
  margin-bottom: 33px;
}

.c8 {
  font-weight: 500;
  color: #0c0d21;
}

.c0 {
  position: fixed;
  top: 0;
  left: 0;
  width: 100%;
  height: 100vh;
  background: rgba(12,13,33,0.85);
  z-index: 99;
  padding: 0 20px;
  overflow: hidden;
}

.c1 {
  max-width: 920px;
  margin: 52px auto;
  background: #fff;
  border-radius: 6px;
  overflow: hidden;
  position: relative;
}

.c2 {
  position: absolute;
  top: 19px;
  right: 19px;
  cursor: pointer;
  width: 27px;
  height: 27px;
  color: #B8B9C4;
}

.c4 {
  padding: 61px 50px;
  overflow-y: auto;
  max-height: calc(100vh - 100px);
}

.c3 {
  width: 100%;
  height: 100%;
  fill: currentColor;
}

.c11 {
  text-align: right;
}

.c12 {
  padding-right: 10px;
}

.c14 {
  display: -webkit-box;
  display: -webkit-flex;
  display: -ms-flexbox;
  display: flex;
  -webkit-box-pack: justify;
  -webkit-justify-content: space-between;
  -ms-flex-pack: justify;
  justify-content: space-between;
}

.c16 {
  font-family: Poppins,sans-serif;
  font-size: 13px;
  color: #4c54d2;
  text-transform: capitalize;
  background: none;
  border: none;
  padding: 0;
  cursor: pointer;
}

.c15 {
  font-family: Poppins,sans-serif;
  font-size: 13px;
  color: #4c54d2;
  text-transform: capitalize;
  background: none;
  border: none;
  padding: 0;
  cursor: pointer;
}

.c13 {
  text-align: center;
  padding: 30px 0;
  color: #999ea2;
  font-size: 14px;
}

.c9 {
  width: 100%;
  margin-bottom: 11px;
}

.c10 {
  text-transform: uppercase;
  text-align: left;
  font-family: Poppins,sans-serif;
  font-size: 12px;
  font-weight: 500;
  line-height: 2.33;
  border-bottom: 2px solid #dedfe4;
  border-top: 2px solid #dedfe4;
  color: #4B4C5C;
  padding: 9px 0;
}

<div
  className="c0"
  id="modal"
  onClick={[Function]}
>
  <div
    className="c1"
    size="normal"
  >
    <div
      className="c2"
    >
      <svg
        aria-hidden="true"
        className="c3"
        focusable="false"
        viewBox="0 0 32 32"
      >
        <path
          d="M15.77817 14.36396l7.07107-7.07107c.39053-.39052 1.0237-.39052 1.41422 0 .39052.39053.39052 1.0237 0 1.41422l-7.07107 7.07106 7.07107 7.07107c.39052.39053.39052 1.0237 0 1.41422-.39053.39052-1.0237.39052-1.41422 0l-7.07107-7.07107-7.07106 7.07107c-.39053.39052-1.0237.39052-1.41422 0-.39052-.39053-.39052-1.0237 0-1.41422l7.07107-7.07107L7.2929 8.70711c-.39052-.39053-.39052-1.0237 0-1.41422.39053-.39052 1.0237-.39052 1.41422 0l7.07106 7.07107z"
        />
      </svg>
    </div>
    <div
      className="c4"
    >
      <div
        className="c5"
      >
        <div
          className="c6"
        >
          MISSING: rewardsContribute
        </div>
        <div
          className="c7"
        >
          MISSING: rewardsContributeText1
           
          <span
            className="c8"
          >
            0
          </span>
           
          MISSING: sites
          .
        </div>
        <div>
          <div>
            <table
              className="c9"
            >
              <thead>
                <tr>
                  <th
                    className="c10"
                  >
                    <div>
                      MISSING: site
                    </div>
                  </th>
                  <th
                    className="c10"
                  >
                    <div
                      className="c11"
                    >
                      MISSING: rewardsContributeAttention
                    </div>
                  </th>
                  <th
                    className="c10"
                  >
                    <div
                      className="c12 c11"
                    >
                      
                    </div>
                  </th>
                </tr>
              </thead>
            </table>
            <div
              className="c13"
            />
          </div>
          <div
            className="c14"
          >
            <button
              className="c15"
            />
            <button
              className="c16"
            />
          </div>
        </div>
      </div>
    </div>
  </div>
</div>
`;
